// Jest Snapshot v1, https://goo.gl/fbAQLP

exports[`pruebas en <ProductCard/> debe de mostrar el componenete con el titutlo personalizado 1`] = `
<div
  className="productCard undefined"
/>
`;

exports[`pruebas en <ProductCard/> debe incrmentar el contador 1`] = `
<div
  className="productCard undefined"
>
  <h1>
    Product Card
  </h1>
  <span>
    0
  </span>
  <button
    onClick={[Function]}
  >
    +1
  </button>
</div>
`;
